// Jest Snapshot v1, https://goo.gl/fbAQLP

exports[`matches snapshot 1`] = `
<DocumentFragment>
  <li>
    <p
      class="Todo-task"
    />
    <button>
       X 
    </button>
  </li>
</DocumentFragment>
`;
