// Jest Snapshot v1, https://goo.gl/fbAQLP

exports[`matches snapshot 1`] = `
<DocumentFragment>
  <div
    class="Box"
  >
    <div
      style="background-color: red; height: 100px; width: 100px; border: 1px solid gray;"
    />
    <button>
      X
    </button>
  </div>
</DocumentFragment>
`;
